// Jest Snapshot v1, https://goo.gl/fbAQLP

exports[`Home/Error should render correctly 1`] = `
<DocumentFragment>
  <span
    class="sc-bdnxRM jbauqE"
  >
    error
  </span>
</DocumentFragment>
`;
